// Jest Snapshot v1, https://goo.gl/fbAQLP

exports[`Log measures to console logs stats for all the components 1`] = `undefined`;
